// Jest Snapshot v1, https://goo.gl/fbAQLP

exports[` 1`] = `
<li
  className="li"
>
  <a
    onClick={[Function]}
    style={{}}
  >
    menu1
  </a>
</li>
`;
